<html>
<body>
<pre>
<h1>µVision Build Log</h1>
<h2>Tool Versions:</h2>
IDE-Version: ¦ÌVision V5.34.0.0
Copyright (C) 2021 ARM Ltd and ARM Germany GmbH. All rights reserved.
License Information: 1 sweet, 1, LIC=TA39H-WNS8C-8YGVV-PBM98-I8FHE-GVFHT
 
Tool Versions:
Toolchain:       MDK-ARM Professional  Version: 5.34.0.0
Toolchain Path:  D:\software\Keil\ARM\ARMCLANG\Bin
C Compiler:      ArmClang.exe V6.16
Assembler:       Armasm.exe V6.16
Linker/Locator:  ArmLink.exe V6.16
Library Manager: ArmAr.exe V6.16
Hex Converter:   FromElf.exe V6.16
CPU DLL:         SARMCM3.DLL V5.34.0.0
Dialog DLL:      DCM.DLL V1.17.3.0
Target DLL:      CMSIS_AGDI.dll V1.32.13.0
Dialog DLL:      TCM.DLL V1.48.0.0
 
<h2>Project:</h2>
E:\MCU\My_RT1064\19TH\nitoushi\RT1064_Library-master\ÄæÍ¸ÊÓ2024.1.1\project\mdk\rt1064.uvprojx
Project File Date:  12/20/2023

<h2>Output:</h2>
*** Using Compiler 'V6.16', folder: 'D:\software\Keil\ARM\ARMCLANG\Bin'
Build target 'nor_sdram_zf_dtcm'
compiling pid.c...
linking...
Program Size: Code=88784 RO-data=8032 RW-data=628 ZI-data=129008  
".\Objects\rt1064.axf" - 0 Error(s), 0 Warning(s).

<h2>Software Packages used:</h2>

Package Vendor: NXP
                https://mcuxpresso.nxp.com/cmsis_pack/repo/NXP.MIMXRT1064_DFP.16.0.0.pack
                NXP.MIMXRT1064_DFP.16.0.0
                Device Family Pack for MIMXRT1064

<h2>Collection of Component include folders:</h2>
  D:\software\Keil\PACK\NXP\MIMXRT1064_DFP\16.0.0

<h2>Collection of Component Files used:</h2>
Build Time Elapsed:  00:00:07
</pre>
</body>
</html>
